// Jest Snapshot v1, https://goo.gl/fbAQLP

exports[`Navigation/Component - BottomTabBar snapshots basic render 1`] = `<Component />`;
