// Jest Snapshot v1, https://goo.gl/fbAQLP

exports[`Modules/Home - BookingMenuShortcut snapshots basic render 1`] = `
<AnimatedComponent
  style={
    Array [
      Object {
        "backgroundColor": "white",
        "borderRadius": 5,
        "flexDirection": "row",
        "height": 40,
        "left": 10,
        "padding": 10,
        "position": "absolute",
        "right": 10,
        "shadowColor": "black",
        "shadowOffset": Object {
          "height": 0,
          "width": 0,
        },
        "shadowOpacity": 0.75,
        "shadowRadius": 5,
      },
      Object {
        "top": -50,
      },
    ]
  }
>
  <Component
    key="home.bookingMenu.flights"
    style={
      Object {
        "alignItems": "center",
        "flex": 1,
        "justifyContent": "center",
      }
    }
  >
    <Image
      source={
        Object {
          "testUri": "../../../src/assets/images/home/flight-small.png",
        }
      }
      style={
        Object {
          "height": 20,
          "width": 20,
        }
      }
    />
  </Component>
  <Component
    key="home.bookingMenu.hotels"
    style={
      Object {
        "alignItems": "center",
        "flex": 1,
        "justifyContent": "center",
      }
    }
  >
    <Image
      source={
        Object {
          "testUri": "../../../src/assets/images/home/hotel-small.png",
        }
      }
      style={
        Object {
          "height": 20,
          "width": 20,
        }
      }
    />
  </Component>
  <Component
    key="home.bookingMenu.attractionsAndActivities"
    style={
      Object {
        "alignItems": "center",
        "flex": 1,
        "justifyContent": "center",
      }
    }
  >
    <Image
      source={
        Object {
          "testUri": "../../../src/assets/images/home/attractionsAndActivities-small.png",
        }
      }
      style={
        Object {
          "height": 20,
          "width": 20,
        }
      }
    />
  </Component>
  <Component
    key="home.bookingMenu.airportTransport"
    style={
      Object {
        "alignItems": "center",
        "flex": 1,
        "justifyContent": "center",
      }
    }
  >
    <Image
      source={
        Object {
          "testUri": "../../../src/assets/images/home/airportTransport-small.png",
        }
      }
      style={
        Object {
          "height": 20,
          "width": 20,
        }
      }
    />
  </Component>
</AnimatedComponent>
`;
