// Jest Snapshot v1, https://goo.gl/fbAQLP

exports[`HeaderBack snapshots basic render 1`] = `
<withNavigation(HeaderButton)
  onPress={[MockFunction]}
>
  <Icon
    allowFontScaling={false}
    color="white"
    name="ios-arrow-round-back"
    size={30}
  />
</withNavigation(HeaderButton)>
`;
