// Jest Snapshot v1, https://goo.gl/fbAQLP

exports[`Component - Button snapshots basic render 1`] = `
<Component
  style={
    Array [
      Object {
        "backgroundColor": "#2B9FDC",
        "flex": 1,
      },
      Object {},
    ]
  }
  testID=""
>
  <Component
    style={
      Object {
        "flex": 1,
        "marginTop": 20,
      }
    }
  />
</Component>
`;
